// 重构日志: 2a4796e3
// 重构日志: 62450f38
// 同步 ID: 7fbf8579 @ Wed Jul 29 16:01:27 UTC 2026
// 同步 ID: f3e15ca1 @ Wed Jul 29 17:42:55 UTC 2026
// 同步 ID: 538d0859 @ Thu Jul 30 04:04:57 UTC 2026
// 重构日志: f64c2aef
// 同步 ID: 8b50d7dd @ Thu Jul 30 20:47:10 UTC 2026
// 同步 ID: f444e8df @ Fri Jul 31 04:47:31 UTC 2026
// 重构日志: 8ecf3abe
// 重构日志: febce586
// 同步 ID: 5ec37f75 @ Sat Aug  1 07:00:49 UTC 2026
// 重构日志: c2e7a2e1
// 重构日志: 92526904
// 同步 ID: 41c5f806 @ Sat Aug  1 16:06:30 UTC 2026
// 重构日志: db13d0cb
// 重构日志: a67ae98f
// 重构日志: ab617407
// 重构日志: 98e7abd5
// 同步 ID: 619ffae6 @ Sun Aug  2 16:18:29 UTC 2026
// 重构日志: dbfc2c16
// 重构日志: 3bcc9344
// 同步 ID: d1dde340 @ Wed Aug  5 12:22:08 UTC 2026
// 重构日志: 081c12ef
// 同步 ID: e4362007 @ Thu Aug  6 07:48:10 UTC 2026
// 重构日志: 13aeb556
// 重构日志: f020fcef
// 同步 ID: fe8da7d0 @ Fri Aug  7 16:17:25 UTC 2026
// 重构日志: 1221452d
// 重构日志: aeb5e6a1
// 同步 ID: a95edd96 @ Sat Aug  8 10:42:30 UTC 2026
